Archive member included to satisfy reference by file (symbol)

d:/stmmcu/stm32cubeide_1.7.0/stm32cubeide/plugins/com.st.stm32cube.ide.mcu.externaltools.gnu-tools-for-stm32.9-2020-q2-update.win32_2.0.0.202105311346/tools/bin/../lib/gcc/arm-none-eabi/9.3.1/../../../../arm-none-eabi/lib/thumb/v7-m/nofp\libc_nano.a(lib_a-errno.o)
                              ./Core/Src/syscalls.o (__errno)
d:/stmmcu/stm32cubeide_1.7.0/stm32cubeide/plugins/com.st.stm32cube.ide.mcu.externaltools.gnu-tools-for-stm32.9-2020-q2-update.win32_2.0.0.202105311346/tools/bin/../lib/gcc/arm-none-eabi/9.3.1/../../../../arm-none-eabi/lib/thumb/v7-m/nofp\libc_nano.a(lib_a-exit.o)
                              d:/stmmcu/stm32cubeide_1.7.0/stm32cubeide/plugins/com.st.stm32cube.ide.mcu.externaltools.gnu-tools-for-stm32.9-2020-q2-update.win32_2.0.0.202105311346/tools/bin/../lib/gcc/arm-none-eabi/9.3.1/../../../../arm-none-eabi/lib/thumb/v7-m/nofp/crt0.o (exit)
d:/stmmcu/stm32cubeide_1.7.0/stm32cubeide/plugins/com.st.stm32cube.ide.mcu.externaltools.gnu-tools-for-stm32.9-2020-q2-update.win32_2.0.0.202105311346/tools/bin/../lib/gcc/arm-none-eabi/9.3.1/../../../../arm-none-eabi/lib/thumb/v7-m/nofp\libc_nano.a(lib_a-impure.o)
                              d:/stmmcu/stm32cubeide_1.7.0/stm32cubeide/plugins/com.st.stm32cube.ide.mcu.externaltools.gnu-tools-for-stm32.9-2020-q2-update.win32_2.0.0.202105311346/tools/bin/../lib/gcc/arm-none-eabi/9.3.1/../../../../arm-none-eabi/lib/thumb/v7-m/nofp\libc_nano.a(lib_a-exit.o) (_global_impure_ptr)
d:/stmmcu/stm32cubeide_1.7.0/stm32cubeide/plugins/com.st.stm32cube.ide.mcu.externaltools.gnu-tools-for-stm32.9-2020-q2-update.win32_2.0.0.202105311346/tools/bin/../lib/gcc/arm-none-eabi/9.3.1/../../../../arm-none-eabi/lib/thumb/v7-m/nofp\libc_nano.a(lib_a-init.o)
                              d:/stmmcu/stm32cubeide_1.7.0/stm32cubeide/plugins/com.st.stm32cube.ide.mcu.externaltools.gnu-tools-for-stm32.9-2020-q2-update.win32_2.0.0.202105311346/tools/bin/../lib/gcc/arm-none-eabi/9.3.1/../../../../arm-none-eabi/lib/thumb/v7-m/nofp/crt0.o (__libc_init_array)
d:/stmmcu/stm32cubeide_1.7.0/stm32cubeide/plugins/com.st.stm32cube.ide.mcu.externaltools.gnu-tools-for-stm32.9-2020-q2-update.win32_2.0.0.202105311346/tools/bin/../lib/gcc/arm-none-eabi/9.3.1/../../../../arm-none-eabi/lib/thumb/v7-m/nofp\libc_nano.a(lib_a-memset.o)
                              d:/stmmcu/stm32cubeide_1.7.0/stm32cubeide/plugins/com.st.stm32cube.ide.mcu.externaltools.gnu-tools-for-stm32.9-2020-q2-update.win32_2.0.0.202105311346/tools/bin/../lib/gcc/arm-none-eabi/9.3.1/../../../../arm-none-eabi/lib/thumb/v7-m/nofp/crt0.o (memset)

Allocating common symbols
Common symbol       size              file

uwTick              0x4               ./Drivers/STM32F1xx_HAL_Driver/Src/stm32f1xx_hal.o
pFlash              0x20              ./Drivers/STM32F1xx_HAL_Driver/Src/stm32f1xx_hal_flash.o
htim2               0x48              ./Core/Src/main.o

Discarded input sections

 .text          0x0000000000000000        0x0 d:/stmmcu/stm32cubeide_1.7.0/stm32cubeide/plugins/com.st.stm32cube.ide.mcu.externaltools.gnu-tools-for-stm32.9-2020-q2-update.win32_2.0.0.202105311346/tools/bin/../lib/gcc/arm-none-eabi/9.3.1/thumb/v7-m/nofp/crti.o
 .data          0x0000000000000000        0x0 d:/stmmcu/stm32cubeide_1.7.0/stm32cubeide/plugins/com.st.stm32cube.ide.mcu.externaltools.gnu-tools-for-stm32.9-2020-q2-update.win32_2.0.0.202105311346/tools/bin/../lib/gcc/arm-none-eabi/9.3.1/thumb/v7-m/nofp/crti.o
 .bss           0x0000000000000000        0x0 d:/stmmcu/stm32cubeide_1.7.0/stm32cubeide/plugins/com.st.stm32cube.ide.mcu.externaltools.gnu-tools-for-stm32.9-2020-q2-update.win32_2.0.0.202105311346/tools/bin/../lib/gcc/arm-none-eabi/9.3.1/thumb/v7-m/nofp/crti.o
 .data          0x0000000000000000        0x4 d:/stmmcu/stm32cubeide_1.7.0/stm32cubeide/plugins/com.st.stm32cube.ide.mcu.externaltools.gnu-tools-for-stm32.9-2020-q2-update.win32_2.0.0.202105311346/tools/bin/../lib/gcc/arm-none-eabi/9.3.1/thumb/v7-m/nofp/crtbegin.o
 .text          0x0000000000000000       0x7c d:/stmmcu/stm32cubeide_1.7.0/stm32cubeide/plugins/com.st.stm32cube.ide.mcu.externaltools.gnu-tools-for-stm32.9-2020-q2-update.win32_2.0.0.202105311346/tools/bin/../lib/gcc/arm-none-eabi/9.3.1/../../../../arm-none-eabi/lib/thumb/v7-m/nofp/crt0.o
 .data          0x0000000000000000        0x0 d:/stmmcu/stm32cubeide_1.7.0/stm32cubeide/plugins/com.st.stm32cube.ide.mcu.externaltools.gnu-tools-for-stm32.9-2020-q2-update.win32_2.0.0.202105311346/tools/bin/../lib/gcc/arm-none-eabi/9.3.1/../../../../arm-none-eabi/lib/thumb/v7-m/nofp/crt0.o
 .bss           0x0000000000000000        0x0 d:/stmmcu/stm32cubeide_1.7.0/stm32cubeide/plugins/com.st.stm32cube.ide.mcu.externaltools.gnu-tools-for-stm32.9-2020-q2-update.win32_2.0.0.202105311346/tools/bin/../lib/gcc/arm-none-eabi/9.3.1/../../../../arm-none-eabi/lib/thumb/v7-m/nofp/crt0.o
[...]
Memory Configuration

Name             Origin             Length             Attributes
RAM              0x0000000020000000 0x0000000000002800 xrw
FLASH            0x0000000008000000 0x0000000000008000 xr
*default*        0x0000000000000000 0xffffffffffffffff

Linker script and memory map

LOAD d:/stmmcu/stm32cubeide_1.7.0/stm32cubeide/plugins/com.st.stm32cube.ide.mcu.externaltools.gnu-tools-for-stm32.9-2020-q2-update.win32_2.0.0.202105311346/tools/bin/../lib/gcc/arm-none-eabi/9.3.1/thumb/v7-m/nofp/crti.o
LOAD d:/stmmcu/stm32cubeide_1.7.0/stm32cubeide/plugins/com.st.stm32cube.ide.mcu.externaltools.gnu-tools-for-stm32.9-2020-q2-update.win32_2.0.0.202105311346/tools/bin/../lib/gcc/arm-none-eabi/9.3.1/thumb/v7-m/nofp/crtbegin.o
LOAD d:/stmmcu/stm32cubeide_1.7.0/stm32cubeide/plugins/com.st.stm32cube.ide.mcu.externaltools.gnu-tools-for-stm32.9-2020-q2-update.win32_2.0.0.202105311346/tools/bin/../lib/gcc/arm-none-eabi/9.3.1/../../../../arm-none-eabi/lib/thumb/v7-m/nofp/crt0.o
LOAD ./Core/Src/Display7Seg.o
LOAD ./Core/Src/Ex1.o
LOAD ./Core/Src/Ex2.o
LOAD ./Core/Src/Ex3.o
LOAD ./Core/Src/main.o
LOAD ./Core/Src/stm32f1xx_hal_msp.o
LOAD ./Core/Src/stm32f1xx_it.o
LOAD ./Core/Src/syscalls.o
LOAD ./Core/Src/sysmem.o
LOAD ./Core/Src/system_stm32f1xx.o
LOAD ./Core/Startup/startup_stm32f103c6ux.o
LOAD ./Drivers/STM32F1xx_HAL_Driver/Src/stm32f1xx_hal.o
LOAD ./Drivers/STM32F1xx_HAL_Driver/Src/stm32f1xx_hal_cortex.o
LOAD ./Drivers/STM32F1xx_HAL_Driver/Src/stm32f1xx_hal_dma.o
LOAD ./Drivers/STM32F1xx_HAL_Driver/Src/stm32f1xx_hal_exti.o
LOAD ./Drivers/STM32F1xx_HAL_Driver/Src/stm32f1xx_hal_flash.o
LOAD ./Drivers/STM32F1xx_HAL_Driver/Src/stm32f1xx_hal_flash_ex.o
LOAD ./Drivers/STM32F1xx_HAL_Driver/Src/stm32f1xx_hal_gpio.o
LOAD ./Drivers/STM32F1xx_HAL_Driver/Src/stm32f1xx_hal_gpio_ex.o
LOAD ./Drivers/STM32F1xx_HAL_Driver/Src/stm32f1xx_hal_pwr.o
LOAD ./Drivers/STM32F1xx_HAL_Driver/Src/stm32f1xx_hal_rcc.o
LOAD ./Drivers/STM32F1xx_HAL_Driver/Src/stm32f1xx_hal_rcc_ex.o
LOAD ./Drivers/STM32F1xx_HAL_Driver/Src/stm32f1xx_hal_tim.o
LOAD ./Drivers/STM32F1xx_HAL_Driver/Src/stm32f1xx_hal_tim_ex.o
START GROUP
LOAD d:/stmmcu/stm32cubeide_1.7.0/stm32cubeide/plugins/com.st.stm32cube.ide.mcu.externaltools.gnu-tools-for-stm32.9-2020-q2-update.win32_2.0.0.202105311346/tools/bin/../lib/gcc/arm-none-eabi/9.3.1/../../../../arm-none-eabi/lib/thumb/v7-m/nofp\libc_nano.a
LOAD d:/stmmcu/stm32cubeide_1.7.0/stm32cubeide/plugins/com.st.stm32cube.ide.mcu.externaltools.gnu-tools-for-stm32.9-2020-q2-update.win32_2.0.0.202105311346/tools/bin/../lib/gcc/arm-none-eabi/9.3.1/../../../../arm-none-eabi/lib/thumb/v7-m/nofp\libm.a
END GROUP
START GROUP
LOAD d:/stmmcu/stm32cubeide_1.7.0/stm32cubeide/plugins/com.st.stm32cube.ide.mcu.externaltools.gnu-tools-for-stm32.9-2020-q2-update.win32_2.0.0.202105311346/tools/bin/../lib/gcc/arm-none-eabi/9.3.1/thumb/v7-m/nofp\libgcc.a
LOAD d:/stmmcu/stm32cubeide_1.7.0/stm32cubeide/plugins/com.st.stm32cube.ide.mcu.externaltools.gnu-tools-for-stm32.9-2020-q2-update.win32_2.0.0.202105311346/tools/bin/../lib/gcc/arm-none-eabi/9.3.1/../../../../arm-none-eabi/lib/thumb/v7-m/nofp\libc_nano.a
END GROUP
START GROUP
LOAD d:/stmmcu/stm32cubeide_1.7.0/stm32cubeide/plugins/com.st.stm32cube.ide.mcu.externaltools.gnu-tools-for-stm32.9-2020-q2-update.win32_2.0.0.202105311346/tools/bin/../lib/gcc/arm-none-eabi/9.3.1/thumb/v7-m/nofp\libgcc.a
LOAD d:/stmmcu/stm32cubeide_1.7.0/stm32cubeide/plugins/com.st.stm32cube.ide.mcu.externaltools.gnu-tools-for-stm32.9-2020-q2-update.win32_2.0.0.202105311346/tools/bin/../lib/gcc/arm-none-eabi/9.3.1/../../../../arm-none-eabi/lib/thumb/v7-m/nofp\libc_nano.a
LOAD d:/stmmcu/stm32cubeide_1.7.0/stm32cubeide/plugins/com.st.stm32cube.ide.mcu.externaltools.gnu-tools-for-stm32.9-2020-q2-update.win32_2.0.0.202105311346/tools/bin/../lib/gcc/arm-none-eabi/9.3.1/../../../../arm-none-eabi/lib/thumb/v7-m/nofp\libnosys.a
END GROUP
START GROUP
LOAD d:/stmmcu/stm32cubeide_1.7.0/stm32cubeide/plugins/com.st.stm32cube.ide.mcu.externaltools.gnu-tools-for-stm32.9-2020-q2-update.win32_2.0.0.202105311346/tools/bin/../lib/gcc/arm-none-eabi/9.3.1/thumb/v7-m/nofp\libgcc.a
LOAD d:/stmmcu/stm32cubeide_1.7.0/stm32cubeide/plugins/com.st.stm32cube.ide.mcu.externaltools.gnu-tools-for-stm32.9-2020-q2-update.win32_2.0.0.202105311346/tools/bin/../lib/gcc/arm-none-eabi/9.3.1/../../../../arm-none-eabi/lib/thumb/v7-m/nofp\libc_nano.a
LOAD d:/stmmcu/stm32cubeide_1.7.0/stm32cubeide/plugins/com.st.stm32cube.ide.mcu.externaltools.gnu-tools-for-stm32.9-2020-q2-update.win32_2.0.0.202105311346/tools/bin/../lib/gcc/arm-none-eabi/9.3.1/../../../../arm-none-eabi/lib/thumb/v7-m/nofp\libnosys.a
END GROUP
LOAD d:/stmmcu/stm32cubeide_1.7.0/stm32cubeide/plugins/com.st.stm32cube.ide.mcu.externaltools.gnu-tools-for-stm32.9-2020-q2-update.win32_2.0.0.202105311346/tools/bin/../lib/gcc/arm-none-eabi/9.3.1/thumb/v7-m/nofp/crtend.o
LOAD d:/stmmcu/stm32cubeide_1.7.0/stm32cubeide/plugins/com.st.stm32cube.ide.mcu.externaltools.gnu-tools-for-stm32.9-2020-q2-update.win32_2.0.0.202105311346/tools/bin/../lib/gcc/arm-none-eabi/9.3.1/thumb/v7-m/nofp/crtn.o
                0x0000000020002800                _estack = (ORIGIN (RAM) + LENGTH (RAM))
                0x0000000000000200                _Min_Heap_Size = 0x200
                0x0000000000000400                _Min_Stack_Size = 0x400

.isr_vector     0x0000000008000000      0x10c
                0x0000000008000000                . = ALIGN (0x4)
 *(.isr_vector)
 .isr_vector    0x0000000008000000      0x10c ./Core/Startup/startup_stm32f103c6ux.o
                0x0000000008000000                g_pfnVectors
                0x000000000800010c                . = ALIGN (0x4)

.text           0x000000000800010c     0x1f14
                0x000000000800010c                . = ALIGN (0x4)
 *(.text)
 .text          0x000000000800010c       0x40 d:/stmmcu/stm32cubeide_1.7.0/stm32cubeide/plugins/com.st.stm32cube.ide.mcu.externaltools.gnu-tools-for-stm32.9-2020-q2-update.win32_2.0.0.202105311346/tools/bin/../lib/gcc/arm-none-eabi/9.3.1/thumb/v7-m/nofp/crtbegin.o
 *(.text*)
 .text.display7SEG
                0x000000000800014c      0x3ac ./Core/Src/Display7Seg.o
                0x000000000800014c                display7SEG
 .text.Ex3_set  0x00000000080004f8       0x10 ./Core/Src/Ex3.o
                0x00000000080004f8                Ex3_set
 .text.Ex3_run  0x0000000008000508       0x20 ./Core/Src/Ex3.o
                0x0000000008000508                Ex3_run
 .text.HAL_TIM_PeriodElapsedCallback
                0x0000000008000528       0x64 ./Core/Src/Ex3.o
                0x0000000008000528                HAL_TIM_PeriodElapsedCallback
 .text.update7SEG
                0x000000000800058c      0x12c ./Core/Src/Ex3.o
                0x000000000800058c                update7SEG
 .text.main     0x00000000080006b8       0x28 ./Core/Src/main.o
                0x00000000080006b8                main
 .text.SystemClock_Config
                0x00000000080006e0       0x76 ./Core/Src/main.o
                0x00000000080006e0                SystemClock_Config
 *fill*         0x0000000008000756        0x2 
 .text.MX_TIM2_Init
                0x0000000008000758       0x98 ./Core/Src/main.o
 .text.MX_GPIO_Init
                0x00000000080007f0       0xac ./Core/Src/main.o
 .text.set_time
                0x000000000800089c       0x2c ./Core/Src/main.o
                0x000000000800089c                set_time
 .text.Error_Handler
                0x00000000080008c8        0xa ./Core/Src/main.o
                0x00000000080008c8                Error_Handler
 *fill*         0x00000000080008d2        0x2 
 .text.HAL_MspInit
                0x00000000080008d4       0x64 ./Core/Src/stm32f1xx_hal_msp.o
                0x00000000080008d4                HAL_MspInit
 .text.HAL_TIM_Base_MspInit
                0x0000000008000938       0x48 ./Core/Src/stm32f1xx_hal_msp.o
                0x0000000008000938                HAL_TIM_Base_MspInit
 .text.NMI_Handler
                0x0000000008000980        0x6 ./Core/Src/stm32f1xx_it.o
                0x0000000008000980                NMI_Handler
 .text.HardFault_Handler
                0x0000000008000986        0x6 ./Core/Src/stm32f1xx_it.o
                0x0000000008000986                HardFault_Handler
 .text.MemManage_Handler
                0x000000000800098c        0x6 ./Core/Src/stm32f1xx_it.o
                0x000000000800098c                MemManage_Handler
 .text.BusFault_Handler
                0x0000000008000992        0x6 ./Core/Src/stm32f1xx_it.o
                0x0000000008000992                BusFault_Handler
 .text.UsageFault_Handler
                0x0000000008000998        0x6 ./Core/Src/stm32f1xx_it.o
                0x0000000008000998                UsageFault_Handler
 .text.SVC_Handler
                0x000000000800099e        0xc ./Core/Src/stm32f1xx_it.o
                0x000000000800099e                SVC_Handler
 .text.DebugMon_Handler
                0x00000000080009aa        0xc ./Core/Src/stm32f1xx_it.o
                0x00000000080009aa                DebugMon_Handler
 .text.PendSV_Handler
                0x00000000080009b6        0xc ./Core/Src/stm32f1xx_it.o
                0x00000000080009b6                PendSV_Handler
 .text.SysTick_Handler
                0x00000000080009c2        0xc ./Core/Src/stm32f1xx_it.o
                0x00000000080009c2                SysTick_Handler
 *fill*         0x00000000080009ce        0x2 
 .text.TIM2_IRQHandler
                0x00000000080009d0       0x14 ./Core/Src/stm32f1xx_it.o
                0x00000000080009d0                TIM2_IRQHandler
 .text.SystemInit
                0x00000000080009e4        0xc ./Core/Src/system_stm32f1xx.o
                0x00000000080009e4                SystemInit
 .text.Reset_Handler
                0x00000000080009f0       0x48 ./Core/Startup/startup_stm32f103c6ux.o
                0x00000000080009f0                Reset_Handler
 .text.Default_Handler
                0x0000000008000a38        0x2 ./Core/Startup/startup_stm32f103c6ux.o
                0x0000000008000a38                RTC_Alarm_IRQHandler
                0x0000000008000a38                EXTI2_IRQHandler
                0x0000000008000a38                TIM1_CC_IRQHandler
                0x0000000008000a38                PVD_IRQHandler
                0x0000000008000a38                EXTI3_IRQHandler
                0x0000000008000a38                EXTI0_IRQHandler
                0x0000000008000a38                ADC1_2_IRQHandler
                0x0000000008000a38                SPI1_IRQHandler
                0x0000000008000a38                TAMPER_IRQHandler
                0x0000000008000a38                DMA1_Channel4_IRQHandler
                0x0000000008000a38                RTC_IRQHandler
                0x0000000008000a38                DMA1_Channel7_IRQHandler
                0x0000000008000a38                CAN1_RX1_IRQHandler
                0x0000000008000a38                I2C1_EV_IRQHandler
                0x0000000008000a38                DMA1_Channel6_IRQHandler
                0x0000000008000a38                TIM3_IRQHandler
                0x0000000008000a38                RCC_IRQHandler
                0x0000000008000a38                TIM1_TRG_COM_IRQHandler
                0x0000000008000a38                DMA1_Channel1_IRQHandler
                0x0000000008000a38                Default_Handler
                0x0000000008000a38                EXTI15_10_IRQHandler
                0x0000000008000a38                EXTI9_5_IRQHandler
                0x0000000008000a38                DMA1_Channel5_IRQHandler
                0x0000000008000a38                EXTI4_IRQHandler
                0x0000000008000a38                USB_LP_CAN1_RX0_IRQHandler
                0x0000000008000a38                USB_HP_CAN1_TX_IRQHandler
                0x0000000008000a38                DMA1_Channel3_IRQHandler
                0x0000000008000a38                TIM1_UP_IRQHandler
                0x0000000008000a38                WWDG_IRQHandler
                0x0000000008000a38                TIM1_BRK_IRQHandler
                0x0000000008000a38                EXTI1_IRQHandler
                0x0000000008000a38                USART2_IRQHandler
                0x0000000008000a38                DMA1_Channel2_IRQHandler
                0x0000000008000a38                CAN1_SCE_IRQHandler
                0x0000000008000a38                FLASH_IRQHandler
                0x0000000008000a38                USART1_IRQHandler
                0x0000000008000a38                I2C1_ER_IRQHandler
                0x0000000008000a38                USBWakeUp_IRQHandler
 *fill*         0x0000000008000a3a        0x2 
 .text.HAL_Init
                0x0000000008000a3c       0x2c ./Drivers/STM32F1xx_HAL_Driver/Src/stm32f1xx_hal.o
                0x0000000008000a3c                HAL_Init
 .text.HAL_InitTick
                0x0000000008000a68       0x60 ./Drivers/STM32F1xx_HAL_Driver/Src/stm32f1xx_hal.o
                0x0000000008000a68                HAL_InitTick
 .text.HAL_IncTick
                0x0000000008000ac8       0x24 ./Drivers/STM32F1xx_HAL_Driver/Src/stm32f1xx_hal.o
                0x0000000008000ac8                HAL_IncTick
 .text.HAL_GetTick
                0x0000000008000aec       0x14 ./Drivers/STM32F1xx_HAL_Driver/Src/stm32f1xx_hal.o
                0x0000000008000aec                HAL_GetTick
 .text.__NVIC_SetPriorityGrouping
                0x0000000008000b00       0x48 ./Drivers/STM32F1xx_HAL_Driver/Src/stm32f1xx_hal_cortex.o
 .text.__NVIC_GetPriorityGrouping
                0x0000000008000b48       0x1c ./Drivers/STM32F1xx_HAL_Driver/Src/stm32f1xx_hal_cortex.o
 .text.__NVIC_EnableIRQ
                0x0000000008000b64       0x38 ./Drivers/STM32F1xx_HAL_Driver/Src/stm32f1xx_hal_cortex.o
 .text.__NVIC_SetPriority
                0x0000000008000b9c       0x54 ./Drivers/STM32F1xx_HAL_Driver/Src/stm32f1xx_hal_cortex.o
 .text.NVIC_EncodePriority
                0x0000000008000bf0       0x64 ./Drivers/STM32F1xx_HAL_Driver/Src/stm32f1xx_hal_cortex.o
 .text.SysTick_Config
                0x0000000008000c54       0x44 ./Drivers/STM32F1xx_HAL_Driver/Src/stm32f1xx_hal_cortex.o
 .text.HAL_NVIC_SetPriorityGrouping
                0x0000000008000c98       0x16 ./Drivers/STM32F1xx_HAL_Driver/Src/stm32f1xx_hal_cortex.o
                0x0000000008000c98                HAL_NVIC_SetPriorityGrouping
 .text.HAL_NVIC_SetPriority
                0x0000000008000cae       0x38 ./Drivers/STM32F1xx_HAL_Driver/Src/stm32f1xx_hal_cortex.o
                0x0000000008000cae                HAL_NVIC_SetPriority
 .text.HAL_NVIC_EnableIRQ
                0x0000000008000ce6       0x1c ./Drivers/STM32F1xx_HAL_Driver/Src/stm32f1xx_hal_cortex.o
                0x0000000008000ce6                HAL_NVIC_EnableIRQ
 .text.HAL_SYSTICK_Config
                0x0000000008000d02       0x18 ./Drivers/STM32F1xx_HAL_Driver/Src/stm32f1xx_hal_cortex.o
                0x0000000008000d02                HAL_SYSTICK_Config
 *fill*         0x0000000008000d1a        0x2 
 .text.HAL_GPIO_Init
                0x0000000008000d1c      0x2f4 ./Drivers/STM32F1xx_HAL_Driver/Src/stm32f1xx_hal_gpio.o
                0x0000000008000d1c                HAL_GPIO_Init
 .text.HAL_GPIO_WritePin
                0x0000000008001010       0x30 ./Drivers/STM32F1xx_HAL_Driver/Src/stm32f1xx_hal_gpio.o
                0x0000000008001010                HAL_GPIO_WritePin
 .text.HAL_RCC_OscConfig
                0x0000000008001040      0x500 ./Drivers/STM32F1xx_HAL_Driver/Src/stm32f1xx_hal_rcc.o
                0x0000000008001040                HAL_RCC_OscConfig
 .text.HAL_RCC_ClockConfig
                0x0000000008001540      0x1d4 ./Drivers/STM32F1xx_HAL_Driver/Src/stm32f1xx_hal_rcc.o
                0x0000000008001540                HAL_RCC_ClockConfig
 .text.HAL_RCC_GetSysClockFreq
                0x0000000008001714       0xa8 ./Drivers/STM32F1xx_HAL_Driver/Src/stm32f1xx_hal_rcc.o
                0x0000000008001714                HAL_RCC_GetSysClockFreq
 .text.RCC_Delay
                0x00000000080017bc       0x3c ./Drivers/STM32F1xx_HAL_Driver/Src/stm32f1xx_hal_rcc.o
 .text.HAL_TIM_Base_Init
                0x00000000080017f8       0x9e ./Drivers/STM32F1xx_HAL_Driver/Src/stm32f1xx_hal_tim.o
                0x00000000080017f8                HAL_TIM_Base_Init
 *fill*         0x0000000008001896        0x2 
 .text.HAL_TIM_Base_Start_IT
                0x0000000008001898       0x98 ./Drivers/STM32F1xx_HAL_Driver/Src/stm32f1xx_hal_tim.o
                0x0000000008001898                HAL_TIM_Base_Start_IT
 .text.HAL_TIM_IRQHandler
                0x0000000008001930      0x1e0 ./Drivers/STM32F1xx_HAL_Driver/Src/stm32f1xx_hal_tim.o
                0x0000000008001930                HAL_TIM_IRQHandler
 .text.HAL_TIM_ConfigClockSource
                0x0000000008001b10      0x18e ./Drivers/STM32F1xx_HAL_Driver/Src/stm32f1xx_hal_tim.o
                0x0000000008001b10                HAL_TIM_ConfigClockSource
 .text.HAL_TIM_OC_DelayElapsedCallback
                0x0000000008001c9e       0x12 ./Drivers/STM32F1xx_HAL_Driver/Src/stm32f1xx_hal_tim.o
                0x0000000008001c9e                HAL_TIM_OC_DelayElapsedCallback
 .text.HAL_TIM_IC_CaptureCallback
                0x0000000008001cb0       0x12 ./Drivers/STM32F1xx_HAL_Driver/Src/stm32f1xx_hal_tim.o
                0x0000000008001cb0                HAL_TIM_IC_CaptureCallback
 .text.HAL_TIM_PWM_PulseFinishedCallback
                0x0000000008001cc2       0x12 ./Drivers/STM32F1xx_HAL_Driver/Src/stm32f1xx_hal_tim.o
                0x0000000008001cc2                HAL_TIM_PWM_PulseFinishedCallback
 .text.HAL_TIM_TriggerCallback
                0x0000000008001cd4       0x12 ./Drivers/STM32F1xx_HAL_Driver/Src/stm32f1xx_hal_tim.o
                0x0000000008001cd4                HAL_TIM_TriggerCallback
 *fill*         0x0000000008001ce6        0x2 
 .text.TIM_Base_SetConfig
                0x0000000008001ce8       0xc8 ./Drivers/STM32F1xx_HAL_Driver/Src/stm32f1xx_hal_tim.o
                0x0000000008001ce8                TIM_Base_SetConfig
 .text.TIM_TI1_ConfigInputStage
                0x0000000008001db0       0x5c ./Drivers/STM32F1xx_HAL_Driver/Src/stm32f1xx_hal_tim.o
 .text.TIM_TI2_ConfigInputStage
                0x0000000008001e0c       0x5e ./Drivers/STM32F1xx_HAL_Driver/Src/stm32f1xx_hal_tim.o
 .text.TIM_ITRx_SetConfig
                0x0000000008001e6a       0x34 ./Drivers/STM32F1xx_HAL_Driver/Src/stm32f1xx_hal_tim.o
 .text.TIM_ETR_SetConfig
                0x0000000008001e9e       0x3e ./Drivers/STM32F1xx_HAL_Driver/Src/stm32f1xx_hal_tim.o
                0x0000000008001e9e                TIM_ETR_SetConfig
 .text.HAL_TIMEx_MasterConfigSynchronization
                0x0000000008001edc       0xb0 ./Drivers/STM32F1xx_HAL_Driver/Src/stm32f1xx_hal_tim_ex.o
                0x0000000008001edc                HAL_TIMEx_MasterConfigSynchronization
 .text.HAL_TIMEx_CommutCallback
                0x0000000008001f8c       0x12 ./Drivers/STM32F1xx_HAL_Driver/Src/stm32f1xx_hal_tim_ex.o
                0x0000000008001f8c                HAL_TIMEx_CommutCallback
 .text.HAL_TIMEx_BreakCallback
                0x0000000008001f9e       0x12 ./Drivers/STM32F1xx_HAL_Driver/Src/stm32f1xx_hal_tim_ex.o
                0x0000000008001f9e                HAL_TIMEx_BreakCallback
 .text.__libc_init_array
                0x0000000008001fb0       0x48 d:/stmmcu/stm32cubeide_1.7.0/stm32cubeide/plugins/com.st.stm32cube.ide.mcu.externaltools.gnu-tools-for-stm32.9-2020-q2-update.win32_2.0.0.202105311346/tools/bin/../lib/gcc/arm-none-eabi/9.3.1/../../../../arm-none-eabi/lib/thumb/v7-m/nofp\libc_nano.a(lib_a-init.o)
                0x0000000008001fb0                __libc_init_array
 .text.memset   0x0000000008001ff8       0x10 d:/stmmcu/stm32cubeide_1.7.0/stm32cubeide/plugins/com.st.stm32cube.ide.mcu.externaltools.gnu-tools-for-stm32.9-2020-q2-update.win32_2.0.0.202105311346/tools/bin/../lib/gcc/arm-none-eabi/9.3.1/../../../../arm-none-eabi/lib/thumb/v7-m/nofp\libc_nano.a(lib_a-memset.o)
                0x0000000008001ff8                memset
 *(.glue_7)
 .glue_7        0x0000000008002008        0x0 linker stubs
 *(.glue_7t)
 .glue_7t       0x0000000008002008        0x0 linker stubs
 *(.eh_frame)
 .eh_frame      0x0000000008002008        0x0 d:/stmmcu/stm32cubeide_1.7.0/stm32cubeide/plugins/com.st.stm32cube.ide.mcu.externaltools.gnu-tools-for-stm32.9-2020-q2-update.win32_2.0.0.202105311346/tools/bin/../lib/gcc/arm-none-eabi/9.3.1/thumb/v7-m/nofp/crtbegin.o
 *(.init)
 .init          0x0000000008002008        0x4 d:/stmmcu/stm32cubeide_1.7.0/stm32cubeide/plugins/com.st.stm32cube.ide.mcu.externaltools.gnu-tools-for-stm32.9-2020-q2-update.win32_2.0.0.202105311346/tools/bin/../lib/gcc/arm-none-eabi/9.3.1/thumb/v7-m/nofp/crti.o
                0x0000000008002008                _init
 .init          0x000000000800200c        0x8 d:/stmmcu/stm32cubeide_1.7.0/stm32cubeide/plugins/com.st.stm32cube.ide.mcu.externaltools.gnu-tools-for-stm32.9-2020-q2-update.win32_2.0.0.202105311346/tools/bin/../lib/gcc/arm-none-eabi/9.3.1/thumb/v7-m/nofp/crtn.o
 *(.fini)
 .fini          0x0000000008002014        0x4 d:/stmmcu/stm32cubeide_1.7.0/stm32cubeide/plugins/com.st.stm32cube.ide.mcu.externaltools.gnu-tools-for-stm32.9-2020-q2-update.win32_2.0.0.202105311346/tools/bin/../lib/gcc/arm-none-eabi/9.3.1/thumb/v7-m/nofp/crti.o
                0x0000000008002014                _fini
 .fini          0x0000000008002018        0x8 d:/stmmcu/stm32cubeide_1.7.0/stm32cubeide/plugins/com.st.stm32cube.ide.mcu.externaltools.gnu-tools-for-stm32.9-2020-q2-update.win32_2.0.0.202105311346/tools/bin/../lib/gcc/arm-none-eabi/9.3.1/thumb/v7-m/nofp/crtn.o
                0x0000000008002020                . = ALIGN (0x4)
                0x0000000008002020                _etext = .

.vfp11_veneer   0x0000000008002020        0x0
 .vfp11_veneer  0x0000000008002020        0x0 linker stubs

.v4_bx          0x0000000008002020        0x0
 .v4_bx         0x0000000008002020        0x0 linker stubs

.iplt           0x0000000008002020        0x0
 .iplt          0x0000000008002020        0x0 d:/stmmcu/stm32cubeide_1.7.0/stm32cubeide/plugins/com.st.stm32cube.ide.mcu.externaltools.gnu-tools-for-stm32.9-2020-q2-update.win32_2.0.0.202105311346/tools/bin/../lib/gcc/arm-none-eabi/9.3.1/thumb/v7-m/nofp/crtbegin.o

.rodata         0x0000000008002020       0x24
                0x0000000008002020                . = ALIGN (0x4)
 *(.rodata)
 *(.rodata*)
 .rodata.AHBPrescTable
                0x0000000008002020       0x10 ./Core/Src/system_stm32f1xx.o
                0x0000000008002020                AHBPrescTable
 .rodata.aPLLMULFactorTable.6032
                0x0000000008002030       0x10 ./Drivers/STM32F1xx_HAL_Driver/Src/stm32f1xx_hal_rcc.o
 .rodata.aPredivFactorTable.6033
                0x0000000008002040        0x2 ./Drivers/STM32F1xx_HAL_Driver/Src/stm32f1xx_hal_rcc.o
                0x0000000008002044                . = ALIGN (0x4)
 *fill*         0x0000000008002042        0x2 

.rel.dyn        0x0000000008002044        0x0
 .rel.iplt      0x0000000008002044        0x0 d:/stmmcu/stm32cubeide_1.7.0/stm32cubeide/plugins/com.st.stm32cube.ide.mcu.externaltools.gnu-tools-for-stm32.9-2020-q2-update.win32_2.0.0.202105311346/tools/bin/../lib/gcc/arm-none-eabi/9.3.1/thumb/v7-m/nofp/crtbegin.o

.ARM.extab      0x0000000008002044        0x0
                0x0000000008002044                . = ALIGN (0x4)
 *(.ARM.extab* .gnu.linkonce.armextab.*)
                0x0000000008002044                . = ALIGN (0x4)

.ARM            0x0000000008002044        0x0
                0x0000000008002044                . = ALIGN (0x4)
                0x0000000008002044                __exidx_start = .
 *(.ARM.exidx*)
                0x0000000008002044                __exidx_end = .
                0x0000000008002044                . = ALIGN (0x4)

.preinit_array  0x0000000008002044        0x0
                0x0000000008002044                . = ALIGN (0x4)
                0x0000000008002044                PROVIDE (__preinit_array_start = .)
 *(.preinit_array*)
                0x0000000008002044                PROVIDE (__preinit_array_end = .)
                0x0000000008002044                . = ALIGN (0x4)

.init_array     0x0000000008002044        0x4
                0x0000000008002044                . = ALIGN (0x4)
                0x0000000008002044                PROVIDE (__init_array_start = .)
 *(SORT_BY_NAME(.init_array.*))
 *(.init_array*)
 .init_array    0x0000000008002044        0x4 d:/stmmcu/stm32cubeide_1.7.0/stm32cubeide/plugins/com.st.stm32cube.ide.mcu.externaltools.gnu-tools-for-stm32.9-2020-q2-update.win32_2.0.0.202105311346/tools/bin/../lib/gcc/arm-none-eabi/9.3.1/thumb/v7-m/nofp/crtbegin.o
                0x0000000008002048                PROVIDE (__init_array_end = .)
                0x0000000008002048                . = ALIGN (0x4)

.fini_array     0x0000000008002048        0x4
                0x0000000008002048                . = ALIGN (0x4)
                [!provide]                        PROVIDE (__fini_array_start = .)
 *(SORT_BY_NAME(.fini_array.*))
 *(.fini_array*)
 .fini_array    0x0000000008002048        0x4 d:/stmmcu/stm32cubeide_1.7.0/stm32cubeide/plugins/com.st.stm32cube.ide.mcu.externaltools.gnu-tools-for-stm32.9-2020-q2-update.win32_2.0.0.202105311346/tools/bin/../lib/gcc/arm-none-eabi/9.3.1/thumb/v7-m/nofp/crtbegin.o
                [!provide]                        PROVIDE (__fini_array_end = .)
                0x000000000800204c                . = ALIGN (0x4)
                0x000000000800204c                _sidata = LOADADDR (.data)

.data           0x0000000020000000       0x1c load address 0x000000000800204c
                0x0000000020000000                . = ALIGN (0x4)
                0x0000000020000000                _sdata = .
 *(.data)
 *(.data*)
 .data.led_buffer
                0x0000000020000000       0x10 ./Core/Src/Ex3.o
                0x0000000020000000                led_buffer
 .data.SystemCoreClock
                0x0000000020000010        0x4 ./Core/Src/system_stm32f1xx.o
                0x0000000020000010                SystemCoreClock
 .data.uwTickPrio
                0x0000000020000014        0x4 ./Drivers/STM32F1xx_HAL_Driver/Src/stm32f1xx_hal.o
                0x0000000020000014                uwTickPrio
 .data.uwTickFreq
                0x0000000020000018        0x1 ./Drivers/STM32F1xx_HAL_Driver/Src/stm32f1xx_hal.o
                0x0000000020000018                uwTickFreq
 *(.RamFunc)
 *(.RamFunc*)
                0x000000002000001c                . = ALIGN (0x4)
 *fill*         0x0000000020000019        0x3 
                0x000000002000001c                _edata = .

.igot.plt       0x000000002000001c        0x0 load address 0x0000000008002068
 .igot.plt      0x000000002000001c        0x0 d:/stmmcu/stm32cubeide_1.7.0/stm32cubeide/plugins/com.st.stm32cube.ide.mcu.externaltools.gnu-tools-for-stm32.9-2020-q2-update.win32_2.0.0.202105311346/tools/bin/../lib/gcc/arm-none-eabi/9.3.1/thumb/v7-m/nofp/crtbegin.o
                0x000000002000001c                . = ALIGN (0x4)

.bss            0x000000002000001c       0x74 load address 0x0000000008002068
                0x000000002000001c                _sbss = .
                0x000000002000001c                __bss_start__ = _sbss
 *(.bss)
 .bss           0x000000002000001c       0x1c d:/stmmcu/stm32cubeide_1.7.0/stm32cubeide/plugins/com.st.stm32cube.ide.mcu.externaltools.gnu-tools-for-stm32.9-2020-q2-update.win32_2.0.0.202105311346/tools/bin/../lib/gcc/arm-none-eabi/9.3.1/thumb/v7-m/nofp/crtbegin.o
 *(.bss*)
 .bss.index_led
                0x0000000020000038        0x4 ./Core/Src/Ex3.o
                0x0000000020000038                index_led
 .bss.indicator50
                0x000000002000003c        0x1 ./Core/Src/Ex3.o
                0x000000002000003c                indicator50
 *fill*         0x000000002000003d        0x3 
 .bss.counter   0x0000000020000040        0x4 ./Core/Src/main.o
                0x0000000020000040                counter
 *(COMMON)
 COMMON         0x0000000020000044       0x48 ./Core/Src/main.o
                0x0000000020000044                htim2
 COMMON         0x000000002000008c        0x4 ./Drivers/STM32F1xx_HAL_Driver/Src/stm32f1xx_hal.o
                0x000000002000008c                uwTick
                0x0000000020000090                . = ALIGN (0x4)
                0x0000000020000090                _ebss = .
                0x0000000020000090                __bss_end__ = _ebss

._user_heap_stack
                0x0000000020000090      0x600 load address 0x0000000008002068
                0x0000000020000090                . = ALIGN (0x8)
                [!provide]                        PROVIDE (end = .)
                0x0000000020000090                PROVIDE (_end = .)
                0x0000000020000290                . = (. + _Min_Heap_Size)
 *fill*         0x0000000020000090      0x200 
                0x0000000020000690                . = (. + _Min_Stack_Size)
 *fill*         0x0000000020000290      0x400 
                0x0000000020000690                . = ALIGN (0x8)

/DISCARD/
 libc.a(*)
 libm.a(*)
 libgcc.a(*)

.ARM.attributes
                0x0000000000000000       0x29
 *(.ARM.attributes)
 .ARM.attributes
                0x0000000000000000       0x1d d:/stmmcu/stm32cubeide_1.7.0/stm32cubeide/plugins/com.st.stm32cube.ide.mcu.externaltools.gnu-tools-for-stm32.9-2020-q2-update.win32_2.0.0.202105311346/tools/bin/../lib/gcc/arm-none-eabi/9.3.1/thumb/v7-m/nofp/crti.o
 .ARM.attributes
                0x000000000000001d       0x2d d:/stmmcu/stm32cubeide_1.7.0/stm32cubeide/plugins/com.st.stm32cube.ide.mcu.externaltools.gnu-tools-for-stm32.9-2020-q2-update.win32_2.0.0.202105311346/tools/bin/../lib/gcc/arm-none-eabi/9.3.1/thumb/v7-m/nofp/crtbegin.o
 .ARM.attributes
                0x000000000000004a       0x2d ./Core/Src/Display7Seg.o
 .ARM.attributes
                0x0000000000000077       0x2d ./Core/Src/Ex3.o
 .ARM.attributes
                0x00000000000000a4       0x2d ./Core/Src/main.o
 .ARM.attributes
                0x00000000000000d1       0x2d ./Core/Src/stm32f1xx_hal_msp.o
 .ARM.attributes
                0x00000000000000fe       0x2d ./Core/Src/stm32f1xx_it.o
 .ARM.attributes
                0x000000000000012b       0x2d ./Core/Src/system_stm32f1xx.o
 .ARM.attributes
                0x0000000000000158       0x21 ./Core/Startup/startup_stm32f103c6ux.o
 .ARM.attributes
                0x0000000000000179       0x2d ./Drivers/STM32F1xx_HAL_Driver/Src/stm32f1xx_hal.o
 .ARM.attributes
                0x00000000000001a6       0x2d ./Drivers/STM32F1xx_HAL_Driver/Src/stm32f1xx_hal_cortex.o
 .ARM.attributes
                0x00000000000001d3       0x2d ./Drivers/STM32F1xx_HAL_Driver/Src/stm32f1xx_hal_gpio.o
 .ARM.attributes
                0x0000000000000200       0x2d ./Drivers/STM32F1xx_HAL_Driver/Src/stm32f1xx_hal_rcc.o
 .ARM.attributes
                0x000000000000022d       0x2d ./Drivers/STM32F1xx_HAL_Driver/Src/stm32f1xx_hal_tim.o
 .ARM.attributes
                0x000000000000025a       0x2d ./Drivers/STM32F1xx_HAL_Driver/Src/stm32f1xx_hal_tim_ex.o
 .ARM.attributes
                0x0000000000000287       0x2d d:/stmmcu/stm32cubeide_1.7.0/stm32cubeide/plugins/com.st.stm32cube.ide.mcu.externaltools.gnu-tools-for-stm32.9-2020-q2-update.win32_2.0.0.202105311346/tools/bin/../lib/gcc/arm-none-eabi/9.3.1/../../../../arm-none-eabi/lib/thumb/v7-m/nofp\libc_nano.a(lib_a-init.o)
 .ARM.attributes
                0x00000000000002b4       0x2d d:/stmmcu/stm32cubeide_1.7.0/stm32cubeide/plugins/com.st.stm32cube.ide.mcu.externaltools.gnu-tools-for-stm32.9-2020-q2-update.win32_2.0.0.202105311346/tools/bin/../lib/gcc/arm-none-eabi/9.3.1/../../../../arm-none-eabi/lib/thumb/v7-m/nofp\libc_nano.a(lib_a-memset.o)
 .ARM.attributes
                0x00000000000002e1       0x1d d:/stmmcu/stm32cubeide_1.7.0/stm32cubeide/plugins/com.st.stm32cube.ide.mcu.externaltools.gnu-tools-for-stm32.9-2020-q2-update.win32_2.0.0.202105311346/tools/bin/../lib/gcc/arm-none-eabi/9.3.1/thumb/v7-m/nofp/crtn.o
OUTPUT(code.elf elf32-littlearm)
LOAD linker stubs
LOAD d:/stmmcu/stm32cubeide_1.7.0/stm32cubeide/plugins/com.st.stm32cube.ide.mcu.externaltools.gnu-tools-for-stm32.9-2020-q2-update.win32_2.0.0.202105311346/tools/bin/../lib/gcc/arm-none-eabi/9.3.1/../../../../arm-none-eabi/lib/thumb/v7-m/nofp\libc.a
LOAD d:/stmmcu/stm32cubeide_1.7.0/stm32cubeide/plugins/com.st.stm32cube.ide.mcu.externaltools.gnu-tools-for-stm32.9-2020-q2-update.win32_2.0.0.202105311346/tools/bin/../lib/gcc/arm-none-eabi/9.3.1/../../../../arm-none-eabi/lib/thumb/v7-m/nofp\libm.a
LOAD d:/stmmcu/stm32cubeide_1.7.0/stm32cubeide/plugins/com.st.stm32cube.ide.mcu.externaltools.gnu-tools-for-stm32.9-2020-q2-update.win32_2.0.0.202105311346/tools/bin/../lib/gcc/arm-none-eabi/9.3.1/thumb/v7-m/nofp\libgcc.a

.debug_info     0x0000000000000000     0x8f9b
 .debug_info    0x0000000000000000      0x25b ./Core/Src/Display7Seg.o
 .debug_info    0x000000000000025b      0x891 ./Core/Src/Ex3.o
 .debug_info    0x0000000000000aec      0xba6 ./Core/Src/main.o
 .debug_info    0x0000000000001692      0xa15 ./Core/Src/stm32f1xx_hal_msp.o
 .debug_info    0x00000000000020a7      0x7c5 ./Core/Src/stm32f1xx_it.o
 .debug_info    0x000000000000286c      0x2be ./Core/Src/system_stm32f1xx.o
 .debug_info    0x0000000000002b2a       0x22 ./Core/Startup/startup_stm32f103c6ux.o
 .debug_info    0x0000000000002b4c      0x74c ./Drivers/STM32F1xx_HAL_Driver/Src/stm32f1xx_hal.o
 .debug_info    0x0000000000003298      0xbbe ./Drivers/STM32F1xx_HAL_Driver/Src/stm32f1xx_hal_cortex.o
 .debug_info    0x0000000000003e56      0x701 ./Drivers/STM32F1xx_HAL_Driver/Src/stm32f1xx_hal_gpio.o
 .debug_info    0x0000000000004557      0x893 ./Drivers/STM32F1xx_HAL_Driver/Src/stm32f1xx_hal_rcc.o
 .debug_info    0x0000000000004dea     0x2c32 ./Drivers/STM32F1xx_HAL_Driver/Src/stm32f1xx_hal_tim.o
 .debug_info    0x0000000000007a1c     0x157f ./Drivers/STM32F1xx_HAL_Driver/Src/stm32f1xx_hal_tim_ex.o

.debug_abbrev   0x0000000000000000     0x17a2
 .debug_abbrev  0x0000000000000000      0x109 ./Core/Src/Display7Seg.o
 .debug_abbrev  0x0000000000000109      0x1b2 ./Core/Src/Ex3.o
 .debug_abbrev  0x00000000000002bb      0x23b ./Core/Src/main.o
 .debug_abbrev  0x00000000000004f6      0x1b7 ./Core/Src/stm32f1xx_hal_msp.o
 .debug_abbrev  0x00000000000006ad      0x176 ./Core/Src/stm32f1xx_it.o
 .debug_abbrev  0x0000000000000823      0x14e ./Core/Src/system_stm32f1xx.o
 .debug_abbrev  0x0000000000000971       0x12 ./Core/Startup/startup_stm32f103c6ux.o
 .debug_abbrev  0x0000000000000983      0x1ed ./Drivers/STM32F1xx_HAL_Driver/Src/stm32f1xx_hal.o
 .debug_abbrev  0x0000000000000b70      0x313 ./Drivers/STM32F1xx_HAL_Driver/Src/stm32f1xx_hal_cortex.o
 .debug_abbrev  0x0000000000000e83      0x1e8 ./Drivers/STM32F1xx_HAL_Driver/Src/stm32f1xx_hal_gpio.o
 .debug_abbrev  0x000000000000106b      0x273 ./Drivers/STM32F1xx_HAL_Driver/Src/stm32f1xx_hal_rcc.o
 .debug_abbrev  0x00000000000012de      0x25e ./Drivers/STM32F1xx_HAL_Driver/Src/stm32f1xx_hal_tim.o
 .debug_abbrev  0x000000000000153c      0x266 ./Drivers/STM32F1xx_HAL_Driver/Src/stm32f1xx_hal_tim_ex.o

.debug_aranges  0x0000000000000000      0x988
 .debug_aranges
                0x0000000000000000       0x20 ./Core/Src/Display7Seg.o
 .debug_aranges
                0x0000000000000020       0x38 ./Core/Src/Ex3.o
 .debug_aranges
                0x0000000000000058       0x48 ./Core/Src/main.o
 .debug_aranges
                0x00000000000000a0       0x30 ./Core/Src/stm32f1xx_hal_msp.o
 .debug_aranges
                0x00000000000000d0       0x68 ./Core/Src/stm32f1xx_it.o
 .debug_aranges
                0x0000000000000138       0x28 ./Core/Src/system_stm32f1xx.o
 .debug_aranges
                0x0000000000000160       0x28 ./Core/Startup/startup_stm32f103c6ux.o
 .debug_aranges
                0x0000000000000188       0xe0 ./Drivers/STM32F1xx_HAL_Driver/Src/stm32f1xx_hal.o
 .debug_aranges
                0x0000000000000268      0x100 ./Drivers/STM32F1xx_HAL_Driver/Src/stm32f1xx_hal_cortex.o
 .debug_aranges
                0x0000000000000368       0x58 ./Drivers/STM32F1xx_HAL_Driver/Src/stm32f1xx_hal_gpio.o
 .debug_aranges
                0x00000000000003c0       0x90 ./Drivers/STM32F1xx_HAL_Driver/Src/stm32f1xx_hal_rcc.o
 .debug_aranges
                0x0000000000000450      0x3d0 ./Drivers/STM32F1xx_HAL_Driver/Src/stm32f1xx_hal_tim.o
 .debug_aranges
                0x0000000000000820      0x168 ./Drivers/STM32F1xx_HAL_Driver/Src/stm32f1xx_hal_tim_ex.o

.debug_ranges   0x0000000000000000      0x8c0
 .debug_ranges  0x0000000000000000       0x10 ./Core/Src/Display7Seg.o
 .debug_ranges  0x0000000000000010       0x28 ./Core/Src/Ex3.o
 .debug_ranges  0x0000000000000038       0x38 ./Core/Src/main.o
 .debug_ranges  0x0000000000000070       0x20 ./Core/Src/stm32f1xx_hal_msp.o
 .debug_ranges  0x0000000000000090       0x58 ./Core/Src/stm32f1xx_it.o
 .debug_ranges  0x00000000000000e8       0x18 ./Core/Src/system_stm32f1xx.o
 .debug_ranges  0x0000000000000100       0x20 ./Core/Startup/startup_stm32f103c6ux.o
 .debug_ranges  0x0000000000000120       0xd0 ./Drivers/STM32F1xx_HAL_Driver/Src/stm32f1xx_hal.o
 .debug_ranges  0x00000000000001f0       0xf0 ./Drivers/STM32F1xx_HAL_Driver/Src/stm32f1xx_hal_cortex.o
 .debug_ranges  0x00000000000002e0       0x48 ./Drivers/STM32F1xx_HAL_Driver/Src/stm32f1xx_hal_gpio.o
 .debug_ranges  0x0000000000000328       0x80 ./Drivers/STM32F1xx_HAL_Driver/Src/stm32f1xx_hal_rcc.o
 .debug_ranges  0x00000000000003a8      0x3c0 ./Drivers/STM32F1xx_HAL_Driver/Src/stm32f1xx_hal_tim.o
 .debug_ranges  0x0000000000000768      0x158 ./Drivers/STM32F1xx_HAL_Driver/Src/stm32f1xx_hal_tim_ex.o

.debug_macro    0x0000000000000000    0x16626
 .debug_macro   0x0000000000000000      0x1b0 ./Core/Src/Display7Seg.o
 .debug_macro   0x00000000000001b0      0xa9c ./Core/Src/Display7Seg.o
 .debug_macro   0x0000000000000c4c      0x215 ./Core/Src/Display7Seg.o
 .debug_macro   0x0000000000000e61       0x2e ./Core/Src/Display7Seg.o
 .debug_macro   0x0000000000000e8f       0x22 ./Core/Src/Display7Seg.o
 .debug_macro   0x0000000000000eb1       0x22 ./Core/Src/Display7Seg.o
 .debug_macro   0x0000000000000ed3       0x8e ./Core/Src/Display7Seg.o
 .debug_macro   0x0000000000000f61       0x51 ./Core/Src/Display7Seg.o
 .debug_macro   0x0000000000000fb2      0x103 ./Core/Src/Display7Seg.o
 .debug_macro   0x00000000000010b5       0x6a ./Core/Src/Display7Seg.o
 .debug_macro   0x000000000000111f      0x1df ./Core/Src/Display7Seg.o
 .debug_macro   0x00000000000012fe       0x1c ./Core/Src/Display7Seg.o
 .debug_macro   0x000000000000131a       0x22 ./Core/Src/Display7Seg.o
 .debug_macro   0x000000000000133c       0xc3 ./Core/Src/Display7Seg.o
 .debug_macro   0x00000000000013ff      0xd23 ./Core/Src/Display7Seg.o
 .debug_macro   0x0000000000002122     0xde75 ./Core/Src/Display7Seg.o
 .debug_macro   0x000000000000ff97       0x6d ./Core/Src/Display7Seg.o
 .debug_macro   0x0000000000010004     0x34a2 ./Core/Src/Display7Seg.o
 .debug_macro   0x00000000000134a6      0x174 ./Core/Src/Display7Seg.o
 .debug_macro   0x000000000001361a       0x5c ./Core/Src/Display7Seg.o
 .debug_macro   0x0000000000013676      0x5bc ./Core/Src/Display7Seg.o
 .debug_macro   0x0000000000013c32      0x1b7 ./Core/Src/Display7Seg.o
 .debug_macro   0x0000000000013de9      0x1cb ./Core/Src/Display7Seg.o
 .debug_macro   0x0000000000013fb4      0x114 ./Core/Src/Display7Seg.o
 .debug_macro   0x00000000000140c8      0x1b2 ./Core/Src/Display7Seg.o
 .debug_macro   0x000000000001427a       0x27 ./Core/Src/Display7Seg.o
 .debug_macro   0x00000000000142a1      0x12f ./Core/Src/Display7Seg.o
 .debug_macro   0x00000000000143d0      0x1bc ./Core/Src/Display7Seg.o
 .debug_macro   0x000000000001458c       0x34 ./Core/Src/Display7Seg.o
 .debug_macro   0x00000000000145c0       0x3c ./Core/Src/Display7Seg.o
 .debug_macro   0x00000000000145fc       0x57 ./Core/Src/Display7Seg.o
 .debug_macro   0x0000000000014653       0x87 ./Core/Src/Display7Seg.o
 .debug_macro   0x00000000000146da      0x183 ./Core/Src/Display7Seg.o
 .debug_macro   0x000000000001485d      0x140 ./Core/Src/Display7Seg.o
 .debug_macro   0x000000000001499d      0x8ed ./Core/Src/Display7Seg.o
 .debug_macro   0x000000000001528a       0x69 ./Core/Src/Display7Seg.o
 .debug_macro   0x00000000000152f3       0xa6 ./Core/Src/Display7Seg.o
 .debug_macro   0x0000000000015399      0x1ba ./Core/Src/Ex3.o
 .debug_macro   0x0000000000015553      0x1ba ./Core/Src/main.o
 .debug_macro   0x000000000001570d      0x1a6 ./Core/Src/stm32f1xx_hal_msp.o
 .debug_macro   0x00000000000158b3      0x1b0 ./Core/Src/stm32f1xx_it.o
 .debug_macro   0x0000000000015a63      0x197 ./Core/Src/system_stm32f1xx.o
 .debug_macro   0x0000000000015bfa      0x1bb ./Drivers/STM32F1xx_HAL_Driver/Src/stm32f1xx_hal.o
 .debug_macro   0x0000000000015db5      0x197 ./Drivers/STM32F1xx_HAL_Driver/Src/stm32f1xx_hal_cortex.o
 .debug_macro   0x0000000000015f4c      0x202 ./Drivers/STM32F1xx_HAL_Driver/Src/stm32f1xx_hal_gpio.o
 .debug_macro   0x000000000001614e      0x1a9 ./Drivers/STM32F1xx_HAL_Driver/Src/stm32f1xx_hal_rcc.o
 .debug_macro   0x00000000000162f7      0x198 ./Drivers/STM32F1xx_HAL_Driver/Src/stm32f1xx_hal_tim.o
 .debug_macro   0x000000000001648f      0x197 ./Drivers/STM32F1xx_HAL_Driver/Src/stm32f1xx_hal_tim_ex.o

.debug_line     0x0000000000000000     0xa1ad
 .debug_line    0x0000000000000000      0x6f2 ./Core/Src/Display7Seg.o
 .debug_line    0x00000000000006f2      0x707 ./Core/Src/Ex3.o
 .debug_line    0x0000000000000df9      0x79d ./Core/Src/main.o
 .debug_line    0x0000000000001596      0x6b1 ./Core/Src/stm32f1xx_hal_msp.o
 .debug_line    0x0000000000001c47      0x74f ./Core/Src/stm32f1xx_it.o
 .debug_line    0x0000000000002396      0x6f3 ./Core/Src/system_stm32f1xx.o
 .debug_line    0x0000000000002a89       0x86 ./Core/Startup/startup_stm32f103c6ux.o
 .debug_line    0x0000000000002b0f      0x920 ./Drivers/STM32F1xx_HAL_Driver/Src/stm32f1xx_hal.o
 .debug_line    0x000000000000342f      0xb08 ./Drivers/STM32F1xx_HAL_Driver/Src/stm32f1xx_hal_cortex.o
 .debug_line    0x0000000000003f37      0x9a3 ./Drivers/STM32F1xx_HAL_Driver/Src/stm32f1xx_hal_gpio.o
 .debug_line    0x00000000000048da      0xd2c ./Drivers/STM32F1xx_HAL_Driver/Src/stm32f1xx_hal_rcc.o
 .debug_line    0x0000000000005606     0x3371 ./Drivers/STM32F1xx_HAL_Driver/Src/stm32f1xx_hal_tim.o
 .debug_line    0x0000000000008977     0x1836 ./Drivers/STM32F1xx_HAL_Driver/Src/stm32f1xx_hal_tim_ex.o

.debug_str      0x0000000000000000    0x8206d
 .debug_str     0x0000000000000000    0x7f6c0 ./Core/Src/Display7Seg.o
                                      0x7f9f7 (size before relaxing)
 .debug_str     0x000000000007f6c0      0x4a6 ./Core/Src/Ex3.o
                                      0x7feff (size before relaxing)
 .debug_str     0x000000000007fb66      0x2b5 ./Core/Src/main.o
                                      0x80152 (size before relaxing)
 .debug_str     0x000000000007fe1b      0x2ba ./Core/Src/stm32f1xx_hal_msp.o
                                      0x8019f (size before relaxing)
 .debug_str     0x00000000000800d5       0xcd ./Core/Src/stm32f1xx_it.o
                                      0x7ff01 (size before relaxing)
 .debug_str     0x00000000000801a2       0x52 ./Core/Src/system_stm32f1xx.o
                                      0x7f763 (size before relaxing)
 .debug_str     0x00000000000801f4       0x36 ./Core/Startup/startup_stm32f103c6ux.o
                                         0x57 (size before relaxing)
 .debug_str     0x000000000008022a      0x304 ./Drivers/STM32F1xx_HAL_Driver/Src/stm32f1xx_hal.o
                                      0x7fdba (size before relaxing)
 .debug_str     0x000000000008052e      0x300 ./Drivers/STM32F1xx_HAL_Driver/Src/stm32f1xx_hal_cortex.o
                                      0x7fdc2 (size before relaxing)
 .debug_str     0x000000000008082e      0x324 ./Drivers/STM32F1xx_HAL_Driver/Src/stm32f1xx_hal_gpio.o
                                      0x7fb27 (size before relaxing)
 .debug_str     0x0000000000080b52      0x24f ./Drivers/STM32F1xx_HAL_Driver/Src/stm32f1xx_hal_rcc.o
                                      0x7fb60 (size before relaxing)
 .debug_str     0x0000000000080da1      0xdde ./Drivers/STM32F1xx_HAL_Driver/Src/stm32f1xx_hal_tim.o
                                      0x80b49 (size before relaxing)
 .debug_str     0x0000000000081b7f      0x4ee ./Drivers/STM32F1xx_HAL_Driver/Src/stm32f1xx_hal_tim_ex.o
                                      0x802ea (size before relaxing)

.comment        0x0000000000000000       0x53
 .comment       0x0000000000000000       0x53 ./Core/Src/Display7Seg.o
                                         0x54 (size before relaxing)
 .comment       0x0000000000000053       0x54 ./Core/Src/Ex3.o
 .comment       0x0000000000000053       0x54 ./Core/Src/main.o
 .comment       0x0000000000000053       0x54 ./Core/Src/stm32f1xx_hal_msp.o
 .comment       0x0000000000000053       0x54 ./Core/Src/stm32f1xx_it.o
 .comment       0x0000000000000053       0x54 ./Core/Src/system_stm32f1xx.o
 .comment       0x0000000000000053       0x54 ./Drivers/STM32F1xx_HAL_Driver/Src/stm32f1xx_hal.o
 .comment       0x0000000000000053       0x54 ./Drivers/STM32F1xx_HAL_Driver/Src/stm32f1xx_hal_cortex.o
 .comment       0x0000000000000053       0x54 ./Drivers/STM32F1xx_HAL_Driver/Src/stm32f1xx_hal_gpio.o
 .comment       0x0000000000000053       0x54 ./Drivers/STM32F1xx_HAL_Driver/Src/stm32f1xx_hal_rcc.o
 .comment       0x0000000000000053       0x54 ./Drivers/STM32F1xx_HAL_Driver/Src/stm32f1xx_hal_tim.o
 .comment       0x0000000000000053       0x54 ./Drivers/STM32F1xx_HAL_Driver/Src/stm32f1xx_hal_tim_ex.o

.debug_frame    0x0000000000000000     0x2694
 .debug_frame   0x0000000000000000       0x38 ./Core/Src/Display7Seg.o
 .debug_frame   0x0000000000000038       0x94 ./Core/Src/Ex3.o
 .debug_frame   0x00000000000000cc       0xd8 ./Core/Src/main.o
 .debug_frame   0x00000000000001a4       0x80 ./Core/Src/stm32f1xx_hal_msp.o
 .debug_frame   0x0000000000000224      0x120 ./Core/Src/stm32f1xx_it.o
 .debug_frame   0x0000000000000344       0x58 ./Core/Src/system_stm32f1xx.o
 .debug_frame   0x000000000000039c      0x334 ./Drivers/STM32F1xx_HAL_Driver/Src/stm32f1xx_hal.o
 .debug_frame   0x00000000000006d0      0x428 ./Drivers/STM32F1xx_HAL_Driver/Src/stm32f1xx_hal_cortex.o
 .debug_frame   0x0000000000000af8      0x14c ./Drivers/STM32F1xx_HAL_Driver/Src/stm32f1xx_hal_gpio.o
 .debug_frame   0x0000000000000c44      0x218 ./Drivers/STM32F1xx_HAL_Driver/Src/stm32f1xx_hal_rcc.o
 .debug_frame   0x0000000000000e5c     0x11b4 ./Drivers/STM32F1xx_HAL_Driver/Src/stm32f1xx_hal_tim.o
 .debug_frame   0x0000000000002010      0x638 ./Drivers/STM32F1xx_HAL_Driver/Src/stm32f1xx_hal_tim_ex.o
 .debug_frame   0x0000000000002648       0x2c d:/stmmcu/stm32cubeide_1.7.0/stm32cubeide/plugins/com.st.stm32cube.ide.mcu.externaltools.gnu-tools-for-stm32.9-2020-q2-update.win32_2.0.0.202105311346/tools/bin/../lib/gcc/arm-none-eabi/9.3.1/../../../../arm-none-eabi/lib/thumb/v7-m/nofp\libc_nano.a(lib_a-init.o)
 .debug_frame   0x0000000000002674       0x20 d:/stmmcu/stm32cubeide_1.7.0/stm32cubeide/plugins/com.st.stm32cube.ide.mcu.externaltools.gnu-tools-for-stm32.9-2020-q2-update.win32_2.0.0.202105311346/tools/bin/../lib/gcc/arm-none-eabi/9.3.1/../../../../arm-none-eabi/lib/thumb/v7-m/nofp\libc_nano.a(lib_a-memset.o)
